Archive member included to satisfy reference by file (symbol)

c:/st/stm32cubeide_1.2.0/stm32cubeide/plugins/com.st.stm32cube.ide.mcu.externaltools.gnu-tools-for-stm32.7-2018-q2-update.win32_1.0.0.201904181610/tools/bin/../lib/gcc/arm-none-eabi/7.3.1/../../../../arm-none-eabi/lib/thumb/v7e-m/fpv4-sp/hard\libc_nano.a(lib_a-exit.o)
                              c:/st/stm32cubeide_1.2.0/stm32cubeide/plugins/com.st.stm32cube.ide.mcu.externaltools.gnu-tools-for-stm32.7-2018-q2-update.win32_1.0.0.201904181610/tools/bin/../lib/gcc/arm-none-eabi/7.3.1/../../../../arm-none-eabi/lib/thumb/v7e-m/fpv4-sp/hard/crt0.o (exit)
c:/st/stm32cubeide_1.2.0/stm32cubeide/plugins/com.st.stm32cube.ide.mcu.externaltools.gnu-tools-for-stm32.7-2018-q2-update.win32_1.0.0.201904181610/tools/bin/../lib/gcc/arm-none-eabi/7.3.1/../../../../arm-none-eabi/lib/thumb/v7e-m/fpv4-sp/hard\libc_nano.a(lib_a-impure.o)
                              c:/st/stm32cubeide_1.2.0/stm32cubeide/plugins/com.st.stm32cube.ide.mcu.externaltools.gnu-tools-for-stm32.7-2018-q2-update.win32_1.0.0.201904181610/tools/bin/../lib/gcc/arm-none-eabi/7.3.1/../../../../arm-none-eabi/lib/thumb/v7e-m/fpv4-sp/hard\libc_nano.a(lib_a-exit.o) (_global_impure_ptr)
c:/st/stm32cubeide_1.2.0/stm32cubeide/plugins/com.st.stm32cube.ide.mcu.externaltools.gnu-tools-for-stm32.7-2018-q2-update.win32_1.0.0.201904181610/tools/bin/../lib/gcc/arm-none-eabi/7.3.1/../../../../arm-none-eabi/lib/thumb/v7e-m/fpv4-sp/hard\libc_nano.a(lib_a-init.o)
                              c:/st/stm32cubeide_1.2.0/stm32cubeide/plugins/com.st.stm32cube.ide.mcu.externaltools.gnu-tools-for-stm32.7-2018-q2-update.win32_1.0.0.201904181610/tools/bin/../lib/gcc/arm-none-eabi/7.3.1/../../../../arm-none-eabi/lib/thumb/v7e-m/fpv4-sp/hard/crt0.o (__libc_init_array)
c:/st/stm32cubeide_1.2.0/stm32cubeide/plugins/com.st.stm32cube.ide.mcu.externaltools.gnu-tools-for-stm32.7-2018-q2-update.win32_1.0.0.201904181610/tools/bin/../lib/gcc/arm-none-eabi/7.3.1/../../../../arm-none-eabi/lib/thumb/v7e-m/fpv4-sp/hard\libc_nano.a(lib_a-memset.o)
                              c:/st/stm32cubeide_1.2.0/stm32cubeide/plugins/com.st.stm32cube.ide.mcu.externaltools.gnu-tools-for-stm32.7-2018-q2-update.win32_1.0.0.201904181610/tools/bin/../lib/gcc/arm-none-eabi/7.3.1/../../../../arm-none-eabi/lib/thumb/v7e-m/fpv4-sp/hard/crt0.o (memset)
c:/st/stm32cubeide_1.2.0/stm32cubeide/plugins/com.st.stm32cube.ide.mcu.externaltools.gnu-tools-for-stm32.7-2018-q2-update.win32_1.0.0.201904181610/tools/bin/../lib/gcc/arm-none-eabi/7.3.1/thumb/v7e-m/fpv4-sp/hard\libgcc.a(_aeabi_uldivmod.o)
                              Drivers/STM32F4xx_HAL_Driver/Src/stm32f4xx_hal_rcc.o (__aeabi_uldivmod)
c:/st/stm32cubeide_1.2.0/stm32cubeide/plugins/com.st.stm32cube.ide.mcu.externaltools.gnu-tools-for-stm32.7-2018-q2-update.win32_1.0.0.201904181610/tools/bin/../lib/gcc/arm-none-eabi/7.3.1/thumb/v7e-m/fpv4-sp/hard\libgcc.a(_udivmoddi4.o)
                              c:/st/stm32cubeide_1.2.0/stm32cubeide/plugins/com.st.stm32cube.ide.mcu.externaltools.gnu-tools-for-stm32.7-2018-q2-update.win32_1.0.0.201904181610/tools/bin/../lib/gcc/arm-none-eabi/7.3.1/thumb/v7e-m/fpv4-sp/hard\libgcc.a(_aeabi_uldivmod.o) (__udivmoddi4)
c:/st/stm32cubeide_1.2.0/stm32cubeide/plugins/com.st.stm32cube.ide.mcu.externaltools.gnu-tools-for-stm32.7-2018-q2-update.win32_1.0.0.201904181610/tools/bin/../lib/gcc/arm-none-eabi/7.3.1/thumb/v7e-m/fpv4-sp/hard\libgcc.a(_dvmd_tls.o)
                              c:/st/stm32cubeide_1.2.0/stm32cubeide/plugins/com.st.stm32cube.ide.mcu.externaltools.gnu-tools-for-stm32.7-2018-q2-update.win32_1.0.0.201904181610/tools/bin/../lib/gcc/arm-none-eabi/7.3.1/thumb/v7e-m/fpv4-sp/hard\libgcc.a(_aeabi_uldivmod.o) (__aeabi_ldiv0)
c:/st/stm32cubeide_1.2.0/stm32cubeide/plugins/com.st.stm32cube.ide.mcu.externaltools.gnu-tools-for-stm32.7-2018-q2-update.win32_1.0.0.201904181610/tools/bin/../lib/gcc/arm-none-eabi/7.3.1/../../../../arm-none-eabi/lib/thumb/v7e-m/fpv4-sp/hard\libnosys.a(_exit.o)
                              c:/st/stm32cubeide_1.2.0/stm32cubeide/plugins/com.st.stm32cube.ide.mcu.externaltools.gnu-tools-for-stm32.7-2018-q2-update.win32_1.0.0.201904181610/tools/bin/../lib/gcc/arm-none-eabi/7.3.1/../../../../arm-none-eabi/lib/thumb/v7e-m/fpv4-sp/hard\libc_nano.a(lib_a-exit.o) (_exit)

Allocating common symbols
Common symbol       size              file

uwTick              0x4               Drivers/STM32F4xx_HAL_Driver/Src/stm32f4xx_hal.o
pFlash              0x20              Drivers/STM32F4xx_HAL_Driver/Src/stm32f4xx_hal_flash.o
counter             0x4               Core/Src/main.o

Discarded input sections

 .text          0x0000000000000000        0x0 c:/st/stm32cubeide_1.2.0/stm32cubeide/plugins/com.st.stm32cube.ide.mcu.externaltools.gnu-tools-for-stm32.7-2018-q2-update.win32_1.0.0.201904181610/tools/bin/../lib/gcc/arm-none-eabi/7.3.1/thumb/v7e-m/fpv4-sp/hard/crti.o
[...]
Memory Configuration

Name             Origin             Length             Attributes
RAM              0x0000000020000000 0x0000000000020000 xrw
CCMRAM           0x0000000010000000 0x0000000000010000 rw
FLASH            0x0000000008000000 0x0000000000100000 xr
*default*        0x0000000000000000 0xffffffffffffffff

Linker script and memory map

LOAD c:/st/stm32cubeide_1.2.0/stm32cubeide/plugins/com.st.stm32cube.ide.mcu.externaltools.gnu-tools-for-stm32.7-2018-q2-update.win32_1.0.0.201904181610/tools/bin/../lib/gcc/arm-none-eabi/7.3.1/thumb/v7e-m/fpv4-sp/hard/crti.o
LOAD c:/st/stm32cubeide_1.2.0/stm32cubeide/plugins/com.st.stm32cube.ide.mcu.externaltools.gnu-tools-for-stm32.7-2018-q2-update.win32_1.0.0.201904181610/tools/bin/../lib/gcc/arm-none-eabi/7.3.1/thumb/v7e-m/fpv4-sp/hard/crtbegin.o
LOAD c:/st/stm32cubeide_1.2.0/stm32cubeide/plugins/com.st.stm32cube.ide.mcu.externaltools.gnu-tools-for-stm32.7-2018-q2-update.win32_1.0.0.201904181610/tools/bin/../lib/gcc/arm-none-eabi/7.3.1/../../../../arm-none-eabi/lib/thumb/v7e-m/fpv4-sp/hard/crt0.o
LOAD Core/Src/gpio.o
LOAD Core/Src/main.o
LOAD Core/Src/stm32f4xx_hal_msp.o
LOAD Core/Src/stm32f4xx_it.o
LOAD Core/Src/system_stm32f4xx.o
LOAD Drivers/STM32F4xx_HAL_Driver/Src/stm32f4xx_hal.o
LOAD Drivers/STM32F4xx_HAL_Driver/Src/stm32f4xx_hal_cortex.o
LOAD Drivers/STM32F4xx_HAL_Driver/Src/stm32f4xx_hal_dma.o
LOAD Drivers/STM32F4xx_HAL_Driver/Src/stm32f4xx_hal_dma_ex.o
LOAD Drivers/STM32F4xx_HAL_Driver/Src/stm32f4xx_hal_flash.o
LOAD Drivers/STM32F4xx_HAL_Driver/Src/stm32f4xx_hal_flash_ex.o
LOAD Drivers/STM32F4xx_HAL_Driver/Src/stm32f4xx_hal_flash_ramfunc.o
LOAD Drivers/STM32F4xx_HAL_Driver/Src/stm32f4xx_hal_gpio.o
LOAD Drivers/STM32F4xx_HAL_Driver/Src/stm32f4xx_hal_pwr.o
LOAD Drivers/STM32F4xx_HAL_Driver/Src/stm32f4xx_hal_pwr_ex.o
LOAD Drivers/STM32F4xx_HAL_Driver/Src/stm32f4xx_hal_rcc.o
LOAD Drivers/STM32F4xx_HAL_Driver/Src/stm32f4xx_hal_rcc_ex.o
LOAD Drivers/STM32F4xx_HAL_Driver/Src/stm32f4xx_hal_tim.o
LOAD Drivers/STM32F4xx_HAL_Driver/Src/stm32f4xx_hal_tim_ex.o
LOAD startup/startup_stm32f407xx.o
START GROUP
LOAD c:/st/stm32cubeide_1.2.0/stm32cubeide/plugins/com.st.stm32cube.ide.mcu.externaltools.gnu-tools-for-stm32.7-2018-q2-update.win32_1.0.0.201904181610/tools/bin/../lib/gcc/arm-none-eabi/7.3.1/../../../../arm-none-eabi/lib/thumb/v7e-m/fpv4-sp/hard\libc_nano.a
LOAD c:/st/stm32cubeide_1.2.0/stm32cubeide/plugins/com.st.stm32cube.ide.mcu.externaltools.gnu-tools-for-stm32.7-2018-q2-update.win32_1.0.0.201904181610/tools/bin/../lib/gcc/arm-none-eabi/7.3.1/../../../../arm-none-eabi/lib/thumb/v7e-m/fpv4-sp/hard\libm.a
END GROUP
START GROUP
LOAD c:/st/stm32cubeide_1.2.0/stm32cubeide/plugins/com.st.stm32cube.ide.mcu.externaltools.gnu-tools-for-stm32.7-2018-q2-update.win32_1.0.0.201904181610/tools/bin/../lib/gcc/arm-none-eabi/7.3.1/thumb/v7e-m/fpv4-sp/hard\libgcc.a
LOAD c:/st/stm32cubeide_1.2.0/stm32cubeide/plugins/com.st.stm32cube.ide.mcu.externaltools.gnu-tools-for-stm32.7-2018-q2-update.win32_1.0.0.201904181610/tools/bin/../lib/gcc/arm-none-eabi/7.3.1/../../../../arm-none-eabi/lib/thumb/v7e-m/fpv4-sp/hard\libc_nano.a
END GROUP
START GROUP
LOAD c:/st/stm32cubeide_1.2.0/stm32cubeide/plugins/com.st.stm32cube.ide.mcu.externaltools.gnu-tools-for-stm32.7-2018-q2-update.win32_1.0.0.201904181610/tools/bin/../lib/gcc/arm-none-eabi/7.3.1/thumb/v7e-m/fpv4-sp/hard\libgcc.a
LOAD c:/st/stm32cubeide_1.2.0/stm32cubeide/plugins/com.st.stm32cube.ide.mcu.externaltools.gnu-tools-for-stm32.7-2018-q2-update.win32_1.0.0.201904181610/tools/bin/../lib/gcc/arm-none-eabi/7.3.1/../../../../arm-none-eabi/lib/thumb/v7e-m/fpv4-sp/hard\libc_nano.a
LOAD c:/st/stm32cubeide_1.2.0/stm32cubeide/plugins/com.st.stm32cube.ide.mcu.externaltools.gnu-tools-for-stm32.7-2018-q2-update.win32_1.0.0.201904181610/tools/bin/../lib/gcc/arm-none-eabi/7.3.1/../../../../arm-none-eabi/lib/thumb/v7e-m/fpv4-sp/hard\libnosys.a
END GROUP
START GROUP
LOAD c:/st/stm32cubeide_1.2.0/stm32cubeide/plugins/com.st.stm32cube.ide.mcu.externaltools.gnu-tools-for-stm32.7-2018-q2-update.win32_1.0.0.201904181610/tools/bin/../lib/gcc/arm-none-eabi/7.3.1/thumb/v7e-m/fpv4-sp/hard\libgcc.a
LOAD c:/st/stm32cubeide_1.2.0/stm32cubeide/plugins/com.st.stm32cube.ide.mcu.externaltools.gnu-tools-for-stm32.7-2018-q2-update.win32_1.0.0.201904181610/tools/bin/../lib/gcc/arm-none-eabi/7.3.1/../../../../arm-none-eabi/lib/thumb/v7e-m/fpv4-sp/hard\libc_nano.a
LOAD c:/st/stm32cubeide_1.2.0/stm32cubeide/plugins/com.st.stm32cube.ide.mcu.externaltools.gnu-tools-for-stm32.7-2018-q2-update.win32_1.0.0.201904181610/tools/bin/../lib/gcc/arm-none-eabi/7.3.1/../../../../arm-none-eabi/lib/thumb/v7e-m/fpv4-sp/hard\libnosys.a
END GROUP
LOAD c:/st/stm32cubeide_1.2.0/stm32cubeide/plugins/com.st.stm32cube.ide.mcu.externaltools.gnu-tools-for-stm32.7-2018-q2-update.win32_1.0.0.201904181610/tools/bin/../lib/gcc/arm-none-eabi/7.3.1/thumb/v7e-m/fpv4-sp/hard/crtend.o
LOAD c:/st/stm32cubeide_1.2.0/stm32cubeide/plugins/com.st.stm32cube.ide.mcu.externaltools.gnu-tools-for-stm32.7-2018-q2-update.win32_1.0.0.201904181610/tools/bin/../lib/gcc/arm-none-eabi/7.3.1/thumb/v7e-m/fpv4-sp/hard/crtn.o
                0x0000000020020000                _estack = 0x20020000
                0x0000000000000200                _Min_Heap_Size = 0x200
                0x0000000000000400                _Min_Stack_Size = 0x400

.isr_vector     0x0000000008000000      0x188
                0x0000000008000000                . = ALIGN (0x4)
 *(.isr_vector)
 .isr_vector    0x0000000008000000      0x188 startup/startup_stm32f407xx.o
                0x0000000008000000                g_pfnVectors
                0x0000000008000188                . = ALIGN (0x4)

.text           0x0000000008000188     0x10f8
                0x0000000008000188                . = ALIGN (0x4)
 *(.text)
 .text          0x0000000008000188       0x40 c:/st/stm32cubeide_1.2.0/stm32cubeide/plugins/com.st.stm32cube.ide.mcu.externaltools.gnu-tools-for-stm32.7-2018-q2-update.win32_1.0.0.201904181610/tools/bin/../lib/gcc/arm-none-eabi/7.3.1/thumb/v7e-m/fpv4-sp/hard/crtbegin.o
 .text          0x00000000080001c8       0x30 c:/st/stm32cubeide_1.2.0/stm32cubeide/plugins/com.st.stm32cube.ide.mcu.externaltools.gnu-tools-for-stm32.7-2018-q2-update.win32_1.0.0.201904181610/tools/bin/../lib/gcc/arm-none-eabi/7.3.1/thumb/v7e-m/fpv4-sp/hard\libgcc.a(_aeabi_uldivmod.o)
                0x00000000080001c8                __aeabi_uldivmod
 .text          0x00000000080001f8      0x2cc c:/st/stm32cubeide_1.2.0/stm32cubeide/plugins/com.st.stm32cube.ide.mcu.externaltools.gnu-tools-for-stm32.7-2018-q2-update.win32_1.0.0.201904181610/tools/bin/../lib/gcc/arm-none-eabi/7.3.1/thumb/v7e-m/fpv4-sp/hard\libgcc.a(_udivmoddi4.o)
                0x00000000080001f8                __udivmoddi4
 .text          0x00000000080004c4        0x4 c:/st/stm32cubeide_1.2.0/stm32cubeide/plugins/com.st.stm32cube.ide.mcu.externaltools.gnu-tools-for-stm32.7-2018-q2-update.win32_1.0.0.201904181610/tools/bin/../lib/gcc/arm-none-eabi/7.3.1/thumb/v7e-m/fpv4-sp/hard\libgcc.a(_dvmd_tls.o)
                0x00000000080004c4                __aeabi_idiv0
                0x00000000080004c4                __aeabi_ldiv0
 *(.text*)
 .text.MX_GPIO_Init
                0x00000000080004c8       0xd8 Core/Src/gpio.o
                0x00000000080004c8                MX_GPIO_Init
 .text.func1    0x00000000080005a0       0x30 Core/Src/main.o
                0x00000000080005a0                func1
 .text.func2    0x00000000080005d0       0x30 Core/Src/main.o
                0x00000000080005d0                func2
 .text.func3    0x0000000008000600       0x30 Core/Src/main.o
                0x0000000008000600                func3
 .text.func4    0x0000000008000630       0x48 Core/Src/main.o
                0x0000000008000630                func4
 .text.decider  0x0000000008000678       0x26 Core/Src/main.o
                0x0000000008000678                decider
 *fill*         0x000000000800069e        0x2 
 .text.SystemClock_Config
                0x00000000080006a0       0x9c Core/Src/main.o
                0x00000000080006a0                SystemClock_Config
 .text.main     0x000000000800073c       0x4c Core/Src/main.o
                0x000000000800073c                main
 .text.HAL_MspInit
                0x0000000008000788       0x38 Core/Src/stm32f4xx_hal_msp.o
                0x0000000008000788                HAL_MspInit
 .text.NMI_Handler
                0x00000000080007c0        0x2 Core/Src/stm32f4xx_it.o
                0x00000000080007c0                NMI_Handler
 .text.HardFault_Handler
                0x00000000080007c2        0x2 Core/Src/stm32f4xx_it.o
                0x00000000080007c2                HardFault_Handler
 .text.MemManage_Handler
                0x00000000080007c4        0x2 Core/Src/stm32f4xx_it.o
                0x00000000080007c4                MemManage_Handler
 .text.BusFault_Handler
                0x00000000080007c6        0x2 Core/Src/stm32f4xx_it.o
                0x00000000080007c6                BusFault_Handler
 .text.UsageFault_Handler
                0x00000000080007c8        0x2 Core/Src/stm32f4xx_it.o
                0x00000000080007c8                UsageFault_Handler
 .text.SVC_Handler
                0x00000000080007ca        0x2 Core/Src/stm32f4xx_it.o
                0x00000000080007ca                SVC_Handler
 .text.DebugMon_Handler
                0x00000000080007cc        0x2 Core/Src/stm32f4xx_it.o
                0x00000000080007cc                DebugMon_Handler
 .text.PendSV_Handler
                0x00000000080007ce        0x2 Core/Src/stm32f4xx_it.o
                0x00000000080007ce                PendSV_Handler
 .text.SysTick_Handler
                0x00000000080007d0        0x8 Core/Src/stm32f4xx_it.o
                0x00000000080007d0                SysTick_Handler
 .text.SystemInit
                0x00000000080007d8       0x4c Core/Src/system_stm32f4xx.o
                0x00000000080007d8                SystemInit
 .text.HAL_InitTick
                0x0000000008000824       0x48 Drivers/STM32F4xx_HAL_Driver/Src/stm32f4xx_hal.o
                0x0000000008000824                HAL_InitTick
 .text.HAL_Init
                0x000000000800086c       0x34 Drivers/STM32F4xx_HAL_Driver/Src/stm32f4xx_hal.o
                0x000000000800086c                HAL_Init
 .text.HAL_IncTick
                0x00000000080008a0       0x18 Drivers/STM32F4xx_HAL_Driver/Src/stm32f4xx_hal.o
                0x00000000080008a0                HAL_IncTick
 .text.HAL_GetTick
                0x00000000080008b8        0xc Drivers/STM32F4xx_HAL_Driver/Src/stm32f4xx_hal.o
                0x00000000080008b8                HAL_GetTick
 .text.HAL_Delay
                0x00000000080008c4       0x28 Drivers/STM32F4xx_HAL_Driver/Src/stm32f4xx_hal.o
                0x00000000080008c4                HAL_Delay
 .text.HAL_NVIC_SetPriorityGrouping
                0x00000000080008ec       0x24 Drivers/STM32F4xx_HAL_Driver/Src/stm32f4xx_hal_cortex.o
                0x00000000080008ec                HAL_NVIC_SetPriorityGrouping
 .text.HAL_NVIC_SetPriority
                0x0000000008000910       0x68 Drivers/STM32F4xx_HAL_Driver/Src/stm32f4xx_hal_cortex.o
                0x0000000008000910                HAL_NVIC_SetPriority
 .text.HAL_SYSTICK_Config
                0x0000000008000978       0x2c Drivers/STM32F4xx_HAL_Driver/Src/stm32f4xx_hal_cortex.o
                0x0000000008000978                HAL_SYSTICK_Config
 .text.HAL_GPIO_Init
                0x00000000080009a4      0x1c8 Drivers/STM32F4xx_HAL_Driver/Src/stm32f4xx_hal_gpio.o
                0x00000000080009a4                HAL_GPIO_Init
 .text.HAL_GPIO_ReadPin
                0x0000000008000b6c        0xe Drivers/STM32F4xx_HAL_Driver/Src/stm32f4xx_hal_gpio.o
                0x0000000008000b6c                HAL_GPIO_ReadPin
 .text.HAL_GPIO_WritePin
                0x0000000008000b7a        0xc Drivers/STM32F4xx_HAL_Driver/Src/stm32f4xx_hal_gpio.o
                0x0000000008000b7a                HAL_GPIO_WritePin
 *fill*         0x0000000008000b86        0x2 
 .text.HAL_RCC_OscConfig
                0x0000000008000b88      0x398 Drivers/STM32F4xx_HAL_Driver/Src/stm32f4xx_hal_rcc.o
                0x0000000008000b88                HAL_RCC_OscConfig
 .text.HAL_RCC_MCOConfig
                0x0000000008000f20       0x9c Drivers/STM32F4xx_HAL_Driver/Src/stm32f4xx_hal_rcc.o
                0x0000000008000f20                HAL_RCC_MCOConfig
 .text.HAL_RCC_GetSysClockFreq
                0x0000000008000fbc       0xa8 Drivers/STM32F4xx_HAL_Driver/Src/stm32f4xx_hal_rcc.o
                0x0000000008000fbc                HAL_RCC_GetSysClockFreq
 .text.HAL_RCC_ClockConfig
                0x0000000008001064      0x158 Drivers/STM32F4xx_HAL_Driver/Src/stm32f4xx_hal_rcc.o
                0x0000000008001064                HAL_RCC_ClockConfig
 .text.Reset_Handler
                0x00000000080011bc       0x50 startup/startup_stm32f407xx.o
                0x00000000080011bc                Reset_Handler
 .text.Default_Handler
                0x000000000800120c        0x2 startup/startup_stm32f407xx.o
                0x000000000800120c                RTC_Alarm_IRQHandler
                0x000000000800120c                HASH_RNG_IRQHandler
                0x000000000800120c                EXTI2_IRQHandler
                0x000000000800120c                TIM8_CC_IRQHandler
                0x000000000800120c                TIM1_CC_IRQHandler
                0x000000000800120c                DMA2_Stream5_IRQHandler
                0x000000000800120c                DMA1_Stream5_IRQHandler
                0x000000000800120c                PVD_IRQHandler
                0x000000000800120c                SDIO_IRQHandler
                0x000000000800120c                TAMP_STAMP_IRQHandler
                0x000000000800120c                CAN2_RX1_IRQHandler
                0x000000000800120c                EXTI3_IRQHandler
                0x000000000800120c                TIM8_TRG_COM_TIM14_IRQHandler
                0x000000000800120c                TIM1_UP_TIM10_IRQHandler
                0x000000000800120c                TIM8_UP_TIM13_IRQHandler
                0x000000000800120c                I2C3_ER_IRQHandler
                0x000000000800120c                EXTI0_IRQHandler
                0x000000000800120c                I2C2_EV_IRQHandler
                0x000000000800120c                DMA1_Stream2_IRQHandler
                0x000000000800120c                CAN1_RX0_IRQHandler
                0x000000000800120c                FPU_IRQHandler
                0x000000000800120c                OTG_HS_WKUP_IRQHandler
                0x000000000800120c                CAN2_SCE_IRQHandler
                0x000000000800120c                DMA2_Stream2_IRQHandler
                0x000000000800120c                SPI1_IRQHandler
                0x000000000800120c                TIM6_DAC_IRQHandler
                0x000000000800120c                TIM1_BRK_TIM9_IRQHandler
                0x000000000800120c                DCMI_IRQHandler
                0x000000000800120c                CAN2_RX0_IRQHandler
                0x000000000800120c                DMA2_Stream3_IRQHandler
                0x000000000800120c                USART6_IRQHandler
                0x000000000800120c                USART3_IRQHandler
                0x000000000800120c                CAN1_RX1_IRQHandler
                0x000000000800120c                UART5_IRQHandler
                0x000000000800120c                DMA2_Stream0_IRQHandler
                0x000000000800120c                TIM4_IRQHandler
                0x000000000800120c                I2C1_EV_IRQHandler
                0x000000000800120c                DMA1_Stream6_IRQHandler
                0x000000000800120c                DMA1_Stream1_IRQHandler
                0x000000000800120c                UART4_IRQHandler
                0x000000000800120c                TIM3_IRQHandler
                0x000000000800120c                RCC_IRQHandler
                0x000000000800120c                TIM8_BRK_TIM12_IRQHandler
                0x000000000800120c                Default_Handler
                0x000000000800120c                EXTI15_10_IRQHandler
                0x000000000800120c                ADC_IRQHandler
                0x000000000800120c                DMA1_Stream7_IRQHandler
                0x000000000800120c                TIM7_IRQHandler
                0x000000000800120c                CAN2_TX_IRQHandler
                0x000000000800120c                TIM5_IRQHandler
                0x000000000800120c                DMA2_Stream7_IRQHandler
                0x000000000800120c                I2C3_EV_IRQHandler
                0x000000000800120c                EXTI9_5_IRQHandler
                0x000000000800120c                RTC_WKUP_IRQHandler
                0x000000000800120c                ETH_WKUP_IRQHandler
                0x000000000800120c                SPI2_IRQHandler
                0x000000000800120c                OTG_HS_EP1_IN_IRQHandler
                0x000000000800120c                DMA1_Stream0_IRQHandler
                0x000000000800120c                CAN1_TX_IRQHandler
                0x000000000800120c                EXTI4_IRQHandler
                0x000000000800120c                FSMC_IRQHandler
                0x000000000800120c                ETH_IRQHandler
                0x000000000800120c                OTG_HS_EP1_OUT_IRQHandler
                0x000000000800120c                WWDG_IRQHandler
                0x000000000800120c                TIM2_IRQHandler
                0x000000000800120c                OTG_FS_WKUP_IRQHandler
                0x000000000800120c                TIM1_TRG_COM_TIM11_IRQHandler
                0x000000000800120c                OTG_HS_IRQHandler
                0x000000000800120c                EXTI1_IRQHandler
                0x000000000800120c                USART2_IRQHandler
                0x000000000800120c                I2C2_ER_IRQHandler
                0x000000000800120c                DMA2_Stream1_IRQHandler
                0x000000000800120c                CAN1_SCE_IRQHandler
                0x000000000800120c                FLASH_IRQHandler
                0x000000000800120c                DMA2_Stream4_IRQHandler
                0x000000000800120c                USART1_IRQHandler
                0x000000000800120c                OTG_FS_IRQHandler
                0x000000000800120c                SPI3_IRQHandler
                0x000000000800120c                DMA1_Stream4_IRQHandler
                0x000000000800120c                I2C1_ER_IRQHandler
                0x000000000800120c                DMA2_Stream6_IRQHandler
                0x000000000800120c                DMA1_Stream3_IRQHandler
 *fill*         0x000000000800120e        0x2 
 .text.__libc_init_array
                0x0000000008001210       0x48 c:/st/stm32cubeide_1.2.0/stm32cubeide/plugins/com.st.stm32cube.ide.mcu.externaltools.gnu-tools-for-stm32.7-2018-q2-update.win32_1.0.0.201904181610/tools/bin/../lib/gcc/arm-none-eabi/7.3.1/../../../../arm-none-eabi/lib/thumb/v7e-m/fpv4-sp/hard\libc_nano.a(lib_a-init.o)
                0x0000000008001210                __libc_init_array
 .text.memset   0x0000000008001258       0x10 c:/st/stm32cubeide_1.2.0/stm32cubeide/plugins/com.st.stm32cube.ide.mcu.externaltools.gnu-tools-for-stm32.7-2018-q2-update.win32_1.0.0.201904181610/tools/bin/../lib/gcc/arm-none-eabi/7.3.1/../../../../arm-none-eabi/lib/thumb/v7e-m/fpv4-sp/hard\libc_nano.a(lib_a-memset.o)
                0x0000000008001258                memset
 *(.glue_7)
 .glue_7        0x0000000008001268        0x0 linker stubs
 *(.glue_7t)
 .glue_7t       0x0000000008001268        0x0 linker stubs
 *(.eh_frame)
 .eh_frame      0x0000000008001268        0x0 c:/st/stm32cubeide_1.2.0/stm32cubeide/plugins/com.st.stm32cube.ide.mcu.externaltools.gnu-tools-for-stm32.7-2018-q2-update.win32_1.0.0.201904181610/tools/bin/../lib/gcc/arm-none-eabi/7.3.1/thumb/v7e-m/fpv4-sp/hard/crtbegin.o
 *(.init)
 .init          0x0000000008001268        0x4 c:/st/stm32cubeide_1.2.0/stm32cubeide/plugins/com.st.stm32cube.ide.mcu.externaltools.gnu-tools-for-stm32.7-2018-q2-update.win32_1.0.0.201904181610/tools/bin/../lib/gcc/arm-none-eabi/7.3.1/thumb/v7e-m/fpv4-sp/hard/crti.o
                0x0000000008001268                _init
 .init          0x000000000800126c        0x8 c:/st/stm32cubeide_1.2.0/stm32cubeide/plugins/com.st.stm32cube.ide.mcu.externaltools.gnu-tools-for-stm32.7-2018-q2-update.win32_1.0.0.201904181610/tools/bin/../lib/gcc/arm-none-eabi/7.3.1/thumb/v7e-m/fpv4-sp/hard/crtn.o
 *(.fini)
 .fini          0x0000000008001274        0x4 c:/st/stm32cubeide_1.2.0/stm32cubeide/plugins/com.st.stm32cube.ide.mcu.externaltools.gnu-tools-for-stm32.7-2018-q2-update.win32_1.0.0.201904181610/tools/bin/../lib/gcc/arm-none-eabi/7.3.1/thumb/v7e-m/fpv4-sp/hard/crti.o
                0x0000000008001274                _fini
 .fini          0x0000000008001278        0x8 c:/st/stm32cubeide_1.2.0/stm32cubeide/plugins/com.st.stm32cube.ide.mcu.externaltools.gnu-tools-for-stm32.7-2018-q2-update.win32_1.0.0.201904181610/tools/bin/../lib/gcc/arm-none-eabi/7.3.1/thumb/v7e-m/fpv4-sp/hard/crtn.o
                0x0000000008001280                . = ALIGN (0x4)
                0x0000000008001280                _etext = .

.vfp11_veneer   0x0000000008001280        0x0
 .vfp11_veneer  0x0000000008001280        0x0 linker stubs

.v4_bx          0x0000000008001280        0x0
 .v4_bx         0x0000000008001280        0x0 linker stubs

.iplt           0x0000000008001280        0x0
 .iplt          0x0000000008001280        0x0 c:/st/stm32cubeide_1.2.0/stm32cubeide/plugins/com.st.stm32cube.ide.mcu.externaltools.gnu-tools-for-stm32.7-2018-q2-update.win32_1.0.0.201904181610/tools/bin/../lib/gcc/arm-none-eabi/7.3.1/thumb/v7e-m/fpv4-sp/hard/crtbegin.o

.rodata         0x0000000008001280       0x18
                0x0000000008001280                . = ALIGN (0x4)
 *(.rodata)
 .rodata        0x0000000008001280       0x18 Core/Src/system_stm32f4xx.o
                0x0000000008001280                AHBPrescTable
                0x0000000008001290                APBPrescTable
 *(.rodata*)
                0x0000000008001298                . = ALIGN (0x4)

.ARM.extab
 *(.ARM.extab* .gnu.linkonce.armextab.*)

.ARM            0x0000000008001298        0x8
                0x0000000008001298                __exidx_start = .
 *(.ARM.exidx*)
 .ARM.exidx     0x0000000008001298        0x8 c:/st/stm32cubeide_1.2.0/stm32cubeide/plugins/com.st.stm32cube.ide.mcu.externaltools.gnu-tools-for-stm32.7-2018-q2-update.win32_1.0.0.201904181610/tools/bin/../lib/gcc/arm-none-eabi/7.3.1/thumb/v7e-m/fpv4-sp/hard\libgcc.a(_udivmoddi4.o)
                0x00000000080012a0                __exidx_end = .

.rel.dyn        0x00000000080012a0        0x0
 .rel.iplt      0x00000000080012a0        0x0 c:/st/stm32cubeide_1.2.0/stm32cubeide/plugins/com.st.stm32cube.ide.mcu.externaltools.gnu-tools-for-stm32.7-2018-q2-update.win32_1.0.0.201904181610/tools/bin/../lib/gcc/arm-none-eabi/7.3.1/thumb/v7e-m/fpv4-sp/hard/crtbegin.o

.preinit_array  0x00000000080012a0        0x0
                0x00000000080012a0                PROVIDE (__preinit_array_start = .)
 *(.preinit_array*)
                0x00000000080012a0                PROVIDE (__preinit_array_end = .)

.init_array     0x00000000080012a0        0x4
                0x00000000080012a0                PROVIDE (__init_array_start = .)
 *(SORT_BY_NAME(.init_array.*))
 *(.init_array*)
 .init_array    0x00000000080012a0        0x4 c:/st/stm32cubeide_1.2.0/stm32cubeide/plugins/com.st.stm32cube.ide.mcu.externaltools.gnu-tools-for-stm32.7-2018-q2-update.win32_1.0.0.201904181610/tools/bin/../lib/gcc/arm-none-eabi/7.3.1/thumb/v7e-m/fpv4-sp/hard/crtbegin.o
                0x00000000080012a4                PROVIDE (__init_array_end = .)

.fini_array     0x00000000080012a4        0x4
                [!provide]                        PROVIDE (__fini_array_start = .)
 *(SORT_BY_NAME(.fini_array.*))
 *(.fini_array*)
 .fini_array    0x00000000080012a4        0x4 c:/st/stm32cubeide_1.2.0/stm32cubeide/plugins/com.st.stm32cube.ide.mcu.externaltools.gnu-tools-for-stm32.7-2018-q2-update.win32_1.0.0.201904181610/tools/bin/../lib/gcc/arm-none-eabi/7.3.1/thumb/v7e-m/fpv4-sp/hard/crtbegin.o
                [!provide]                        PROVIDE (__fini_array_end = .)
                0x00000000080012a8                _sidata = LOADADDR (.data)

.data           0x0000000020000000        0xc load address 0x00000000080012a8
                0x0000000020000000                . = ALIGN (0x4)
                0x0000000020000000                _sdata = .
 *(.data)
 .data          0x0000000020000000        0x4 Core/Src/system_stm32f4xx.o
                0x0000000020000000                SystemCoreClock
 .data          0x0000000020000004        0x8 Drivers/STM32F4xx_HAL_Driver/Src/stm32f4xx_hal.o
                0x0000000020000004                uwTickFreq
                0x0000000020000008                uwTickPrio
 *(.data*)
                0x000000002000000c                . = ALIGN (0x4)
                0x000000002000000c                _edata = .
                0x00000000080012b4                _siccmram = LOADADDR (.ccmram)

.igot.plt       0x000000002000000c        0x0 load address 0x00000000080012b4
 .igot.plt      0x000000002000000c        0x0 c:/st/stm32cubeide_1.2.0/stm32cubeide/plugins/com.st.stm32cube.ide.mcu.externaltools.gnu-tools-for-stm32.7-2018-q2-update.win32_1.0.0.201904181610/tools/bin/../lib/gcc/arm-none-eabi/7.3.1/thumb/v7e-m/fpv4-sp/hard/crtbegin.o

.ccmram         0x0000000010000000        0x0 load address 0x00000000080012b4
                0x0000000010000000                . = ALIGN (0x4)
                0x0000000010000000                _sccmram = .
 *(.ccmram)
 *(.ccmram*)
                0x0000000010000000                . = ALIGN (0x4)
                0x0000000010000000                _eccmram = .
                0x0000000010000000                . = ALIGN (0x4)

.bss            0x000000002000000c       0x24
                0x000000002000000c                _sbss = .
                0x000000002000000c                __bss_start__ = _sbss
 *(.bss)
 .bss           0x000000002000000c       0x1c c:/st/stm32cubeide_1.2.0/stm32cubeide/plugins/com.st.stm32cube.ide.mcu.externaltools.gnu-tools-for-stm32.7-2018-q2-update.win32_1.0.0.201904181610/tools/bin/../lib/gcc/arm-none-eabi/7.3.1/thumb/v7e-m/fpv4-sp/hard/crtbegin.o
 *(.bss*)
 *(COMMON)
 COMMON         0x0000000020000028        0x4 Core/Src/main.o
                0x0000000020000028                counter
 COMMON         0x000000002000002c        0x4 Drivers/STM32F4xx_HAL_Driver/Src/stm32f4xx_hal.o
                0x000000002000002c                uwTick
                0x0000000020000030                . = ALIGN (0x4)
                0x0000000020000030                _ebss = .
                0x0000000020000030                __bss_end__ = _ebss

._user_heap_stack
                0x0000000020000030      0x600
                0x0000000020000030                . = ALIGN (0x8)
                [!provide]                        PROVIDE (end = .)
                [!provide]                        PROVIDE (_end = .)
                0x0000000020000230                . = (. + _Min_Heap_Size)
 *fill*         0x0000000020000030      0x200 
                0x0000000020000630                . = (. + _Min_Stack_Size)
 *fill*         0x0000000020000230      0x400 
                0x0000000020000630                . = ALIGN (0x8)

/DISCARD/
 libc.a(*)
 libm.a(*)
 libgcc.a(*)

.ARM.attributes
                0x0000000000000000       0x30
 *(.ARM.attributes)
 .ARM.attributes
                0x0000000000000000       0x22 c:/st/stm32cubeide_1.2.0/stm32cubeide/plugins/com.st.stm32cube.ide.mcu.externaltools.gnu-tools-for-stm32.7-2018-q2-update.win32_1.0.0.201904181610/tools/bin/../lib/gcc/arm-none-eabi/7.3.1/thumb/v7e-m/fpv4-sp/hard/crti.o
 .ARM.attributes
                0x0000000000000022       0x34 c:/st/stm32cubeide_1.2.0/stm32cubeide/plugins/com.st.stm32cube.ide.mcu.externaltools.gnu-tools-for-stm32.7-2018-q2-update.win32_1.0.0.201904181610/tools/bin/../lib/gcc/arm-none-eabi/7.3.1/thumb/v7e-m/fpv4-sp/hard/crtbegin.o
 .ARM.attributes
                0x0000000000000056       0x39 Core/Src/gpio.o
 .ARM.attributes
                0x000000000000008f       0x39 Core/Src/main.o
 .ARM.attributes
                0x00000000000000c8       0x39 Core/Src/stm32f4xx_hal_msp.o
 .ARM.attributes
                0x0000000000000101       0x39 Core/Src/stm32f4xx_it.o
 .ARM.attributes
                0x000000000000013a       0x39 Core/Src/system_stm32f4xx.o
 .ARM.attributes
                0x0000000000000173       0x39 Drivers/STM32F4xx_HAL_Driver/Src/stm32f4xx_hal.o
 .ARM.attributes
                0x00000000000001ac       0x39 Drivers/STM32F4xx_HAL_Driver/Src/stm32f4xx_hal_cortex.o
 .ARM.attributes
                0x00000000000001e5       0x39 Drivers/STM32F4xx_HAL_Driver/Src/stm32f4xx_hal_gpio.o
 .ARM.attributes
                0x000000000000021e       0x39 Drivers/STM32F4xx_HAL_Driver/Src/stm32f4xx_hal_rcc.o
 .ARM.attributes
                0x0000000000000257       0x21 startup/startup_stm32f407xx.o
 .ARM.attributes
                0x0000000000000278       0x34 c:/st/stm32cubeide_1.2.0/stm32cubeide/plugins/com.st.stm32cube.ide.mcu.externaltools.gnu-tools-for-stm32.7-2018-q2-update.win32_1.0.0.201904181610/tools/bin/../lib/gcc/arm-none-eabi/7.3.1/../../../../arm-none-eabi/lib/thumb/v7e-m/fpv4-sp/hard\libc_nano.a(lib_a-init.o)
 .ARM.attributes
                0x00000000000002ac       0x34 c:/st/stm32cubeide_1.2.0/stm32cubeide/plugins/com.st.stm32cube.ide.mcu.externaltools.gnu-tools-for-stm32.7-2018-q2-update.win32_1.0.0.201904181610/tools/bin/../lib/gcc/arm-none-eabi/7.3.1/../../../../arm-none-eabi/lib/thumb/v7e-m/fpv4-sp/hard\libc_nano.a(lib_a-memset.o)
 .ARM.attributes
                0x00000000000002e0       0x22 c:/st/stm32cubeide_1.2.0/stm32cubeide/plugins/com.st.stm32cube.ide.mcu.externaltools.gnu-tools-for-stm32.7-2018-q2-update.win32_1.0.0.201904181610/tools/bin/../lib/gcc/arm-none-eabi/7.3.1/thumb/v7e-m/fpv4-sp/hard\libgcc.a(_aeabi_uldivmod.o)
 .ARM.attributes
                0x0000000000000302       0x34 c:/st/stm32cubeide_1.2.0/stm32cubeide/plugins/com.st.stm32cube.ide.mcu.externaltools.gnu-tools-for-stm32.7-2018-q2-update.win32_1.0.0.201904181610/tools/bin/../lib/gcc/arm-none-eabi/7.3.1/thumb/v7e-m/fpv4-sp/hard\libgcc.a(_udivmoddi4.o)
 .ARM.attributes
                0x0000000000000336       0x22 c:/st/stm32cubeide_1.2.0/stm32cubeide/plugins/com.st.stm32cube.ide.mcu.externaltools.gnu-tools-for-stm32.7-2018-q2-update.win32_1.0.0.201904181610/tools/bin/../lib/gcc/arm-none-eabi/7.3.1/thumb/v7e-m/fpv4-sp/hard\libgcc.a(_dvmd_tls.o)
 .ARM.attributes
                0x0000000000000358       0x22 c:/st/stm32cubeide_1.2.0/stm32cubeide/plugins/com.st.stm32cube.ide.mcu.externaltools.gnu-tools-for-stm32.7-2018-q2-update.win32_1.0.0.201904181610/tools/bin/../lib/gcc/arm-none-eabi/7.3.1/thumb/v7e-m/fpv4-sp/hard/crtn.o
OUTPUT(SDK_LED.elf elf32-littlearm)

.debug_info     0x0000000000000000     0x8b82
 .debug_info    0x0000000000000000      0xd33 Core/Src/gpio.o
 .debug_info    0x0000000000000d33     0x1138 Core/Src/main.o
 .debug_info    0x0000000000001e6b      0xb22 Core/Src/stm32f4xx_hal_msp.o
 .debug_info    0x000000000000298d      0x9de Core/Src/stm32f4xx_it.o
 .debug_info    0x000000000000336b      0xd19 Core/Src/system_stm32f4xx.o
 .debug_info    0x0000000000004084     0x11c9 Drivers/STM32F4xx_HAL_Driver/Src/stm32f4xx_hal.o
 .debug_info    0x000000000000524d     0x1745 Drivers/STM32F4xx_HAL_Driver/Src/stm32f4xx_hal_cortex.o
 .debug_info    0x0000000000006992      0xf83 Drivers/STM32F4xx_HAL_Driver/Src/stm32f4xx_hal_gpio.o
 .debug_info    0x0000000000007915     0x124b Drivers/STM32F4xx_HAL_Driver/Src/stm32f4xx_hal_rcc.o
 .debug_info    0x0000000000008b60       0x22 startup/startup_stm32f407xx.o

.debug_abbrev   0x0000000000000000     0x158f
 .debug_abbrev  0x0000000000000000      0x1f3 Core/Src/gpio.o
 .debug_abbrev  0x00000000000001f3      0x29d Core/Src/main.o
 .debug_abbrev  0x0000000000000490      0x1ab Core/Src/stm32f4xx_hal_msp.o
 .debug_abbrev  0x000000000000063b      0x1b1 Core/Src/stm32f4xx_it.o
 .debug_abbrev  0x00000000000007ec      0x1cd Core/Src/system_stm32f4xx.o
 .debug_abbrev  0x00000000000009b9      0x2ad Drivers/STM32F4xx_HAL_Driver/Src/stm32f4xx_hal.o
 .debug_abbrev  0x0000000000000c66      0x3ad Drivers/STM32F4xx_HAL_Driver/Src/stm32f4xx_hal_cortex.o
 .debug_abbrev  0x0000000000001013      0x26f Drivers/STM32F4xx_HAL_Driver/Src/stm32f4xx_hal_gpio.o
 .debug_abbrev  0x0000000000001282      0x2fb Drivers/STM32F4xx_HAL_Driver/Src/stm32f4xx_hal_rcc.o
 .debug_abbrev  0x000000000000157d       0x12 startup/startup_stm32f407xx.o

.debug_aranges  0x0000000000000000      0x3b0
 .debug_aranges
                0x0000000000000000       0x20 Core/Src/gpio.o
 .debug_aranges
                0x0000000000000020       0x58 Core/Src/main.o
 .debug_aranges
                0x0000000000000078       0x20 Core/Src/stm32f4xx_hal_msp.o
 .debug_aranges
                0x0000000000000098       0x60 Core/Src/stm32f4xx_it.o
 .debug_aranges
                0x00000000000000f8       0x28 Core/Src/system_stm32f4xx.o
 .debug_aranges
                0x0000000000000120       0xe0 Drivers/STM32F4xx_HAL_Driver/Src/stm32f4xx_hal.o
 .debug_aranges
                0x0000000000000200       0xa8 Drivers/STM32F4xx_HAL_Driver/Src/stm32f4xx_hal_cortex.o
 .debug_aranges
                0x00000000000002a8       0x58 Drivers/STM32F4xx_HAL_Driver/Src/stm32f4xx_hal_gpio.o
 .debug_aranges
                0x0000000000000300       0x88 Drivers/STM32F4xx_HAL_Driver/Src/stm32f4xx_hal_rcc.o
 .debug_aranges
                0x0000000000000388       0x28 startup/startup_stm32f407xx.o

.debug_ranges   0x0000000000000000      0x390
 .debug_ranges  0x0000000000000000       0x10 Core/Src/gpio.o
 .debug_ranges  0x0000000000000010       0x48 Core/Src/main.o
 .debug_ranges  0x0000000000000058       0x10 Core/Src/stm32f4xx_hal_msp.o
 .debug_ranges  0x0000000000000068       0x50 Core/Src/stm32f4xx_it.o
 .debug_ranges  0x00000000000000b8       0x18 Core/Src/system_stm32f4xx.o
 .debug_ranges  0x00000000000000d0       0xd0 Drivers/STM32F4xx_HAL_Driver/Src/stm32f4xx_hal.o
 .debug_ranges  0x00000000000001a0       0xf8 Drivers/STM32F4xx_HAL_Driver/Src/stm32f4xx_hal_cortex.o
 .debug_ranges  0x0000000000000298       0x48 Drivers/STM32F4xx_HAL_Driver/Src/stm32f4xx_hal_gpio.o
 .debug_ranges  0x00000000000002e0       0x90 Drivers/STM32F4xx_HAL_Driver/Src/stm32f4xx_hal_rcc.o
 .debug_ranges  0x0000000000000370       0x20 startup/startup_stm32f407xx.o

.debug_macro    0x0000000000000000    0x1fb80
 .debug_macro   0x0000000000000000      0x308 Core/Src/gpio.o
 .debug_macro   0x0000000000000308      0xa60 Core/Src/gpio.o
 .debug_macro   0x0000000000000d68      0x17a Core/Src/gpio.o
 .debug_macro   0x0000000000000ee2       0x32 Core/Src/gpio.o
 .debug_macro   0x0000000000000f14       0x2f Core/Src/gpio.o
 .debug_macro   0x0000000000000f43       0x22 Core/Src/gpio.o
 .debug_macro   0x0000000000000f65       0x8e Core/Src/gpio.o
 .debug_macro   0x0000000000000ff3       0x51 Core/Src/gpio.o
 .debug_macro   0x0000000000001044       0xef Core/Src/gpio.o
 .debug_macro   0x0000000000001133       0x6a Core/Src/gpio.o
 .debug_macro   0x000000000000119d      0x1df Core/Src/gpio.o
 .debug_macro   0x000000000000137c       0x35 Core/Src/gpio.o
 .debug_macro   0x00000000000013b1       0x50 Core/Src/gpio.o
 .debug_macro   0x0000000000001401      0xe66 Core/Src/gpio.o
 .debug_macro   0x0000000000002267    0x15d08 Core/Src/gpio.o
 .debug_macro   0x0000000000017f6f       0x43 Core/Src/gpio.o
 .debug_macro   0x0000000000017fb2     0x3535 Core/Src/gpio.o
 .debug_macro   0x000000000001b4e7       0x46 Core/Src/gpio.o
 .debug_macro   0x000000000001b52d       0x18 Core/Src/gpio.o
 .debug_macro   0x000000000001b545       0x3c Core/Src/gpio.o
 .debug_macro   0x000000000001b581       0x34 Core/Src/gpio.o
 .debug_macro   0x000000000001b5b5       0x16 Core/Src/gpio.o
 .debug_macro   0x000000000001b5cb       0x97 Core/Src/gpio.o
 .debug_macro   0x000000000001b662      0x330 Core/Src/gpio.o
 .debug_macro   0x000000000001b992       0xfd Core/Src/gpio.o
 .debug_macro   0x000000000001ba8f       0x10 Core/Src/gpio.o
 .debug_macro   0x000000000001ba9f       0x52 Core/Src/gpio.o
 .debug_macro   0x000000000001baf1       0x1f Core/Src/gpio.o
 .debug_macro   0x000000000001bb10       0x43 Core/Src/gpio.o
 .debug_macro   0x000000000001bb53       0x20 Core/Src/gpio.o
 .debug_macro   0x000000000001bb73      0x1a3 Core/Src/gpio.o
 .debug_macro   0x000000000001bd16       0x10 Core/Src/gpio.o
 .debug_macro   0x000000000001bd26       0x1c Core/Src/gpio.o
 .debug_macro   0x000000000001bd42       0x52 Core/Src/gpio.o
 .debug_macro   0x000000000001bd94       0x40 Core/Src/gpio.o
 .debug_macro   0x000000000001bdd4       0x10 Core/Src/gpio.o
 .debug_macro   0x000000000001bde4       0x40 Core/Src/gpio.o
 .debug_macro   0x000000000001be24       0xd7 Core/Src/gpio.o
 .debug_macro   0x000000000001befb       0x1c Core/Src/gpio.o
 .debug_macro   0x000000000001bf17       0x3d Core/Src/gpio.o
 .debug_macro   0x000000000001bf54       0x16 Core/Src/gpio.o
 .debug_macro   0x000000000001bf6a      0x145 Core/Src/gpio.o
 .debug_macro   0x000000000001c0af       0x50 Core/Src/gpio.o
 .debug_macro   0x000000000001c0ff      0x96b Core/Src/gpio.o
 .debug_macro   0x000000000001ca6a      0xa02 Core/Src/gpio.o
 .debug_macro   0x000000000001d46c      0x11e Core/Src/gpio.o
 .debug_macro   0x000000000001d58a      0x13e Core/Src/gpio.o
 .debug_macro   0x000000000001d6c8       0x27 Core/Src/gpio.o
 .debug_macro   0x000000000001d6ef      0x287 Core/Src/gpio.o
 .debug_macro   0x000000000001d976       0x5f Core/Src/gpio.o
 .debug_macro   0x000000000001d9d5      0x23a Core/Src/gpio.o
 .debug_macro   0x000000000001dc0f      0x133 Core/Src/gpio.o
 .debug_macro   0x000000000001dd42      0x21e Core/Src/gpio.o
 .debug_macro   0x000000000001df60       0x2e Core/Src/gpio.o
 .debug_macro   0x000000000001df8e      0x11e Core/Src/gpio.o
 .debug_macro   0x000000000001e0ac       0x7f Core/Src/gpio.o
 .debug_macro   0x000000000001e12b       0x89 Core/Src/gpio.o
 .debug_macro   0x000000000001e1b4      0x134 Core/Src/gpio.o
 .debug_macro   0x000000000001e2e8      0x30c Core/Src/main.o
 .debug_macro   0x000000000001e5f4      0x2fe Core/Src/stm32f4xx_hal_msp.o
 .debug_macro   0x000000000001e8f2      0x308 Core/Src/stm32f4xx_it.o
 .debug_macro   0x000000000001ebfa      0x2fa Core/Src/system_stm32f4xx.o
 .debug_macro   0x000000000001eef4      0x354 Drivers/STM32F4xx_HAL_Driver/Src/stm32f4xx_hal.o
 .debug_macro   0x000000000001f248      0x2f4 Drivers/STM32F4xx_HAL_Driver/Src/stm32f4xx_hal_cortex.o
 .debug_macro   0x000000000001f53c      0x32c Drivers/STM32F4xx_HAL_Driver/Src/stm32f4xx_hal_gpio.o
 .debug_macro   0x000000000001f868      0x318 Drivers/STM32F4xx_HAL_Driver/Src/stm32f4xx_hal_rcc.o

.debug_line     0x0000000000000000     0x53d9
 .debug_line    0x0000000000000000      0x843 Core/Src/gpio.o
 .debug_line    0x0000000000000843      0x8fc Core/Src/main.o
 .debug_line    0x000000000000113f      0x833 Core/Src/stm32f4xx_hal_msp.o
 .debug_line    0x0000000000001972      0x8c3 Core/Src/stm32f4xx_it.o
 .debug_line    0x0000000000002235      0x85a Core/Src/system_stm32f4xx.o
 .debug_line    0x0000000000002a8f      0xa0e Drivers/STM32F4xx_HAL_Driver/Src/stm32f4xx_hal.o
 .debug_line    0x000000000000349d      0xa69 Drivers/STM32F4xx_HAL_Driver/Src/stm32f4xx_hal_cortex.o
 .debug_line    0x0000000000003f06      0x9b1 Drivers/STM32F4xx_HAL_Driver/Src/stm32f4xx_hal_gpio.o
 .debug_line    0x00000000000048b7      0xaa3 Drivers/STM32F4xx_HAL_Driver/Src/stm32f4xx_hal_rcc.o
 .debug_line    0x000000000000535a       0x7f startup/startup_stm32f407xx.o

.debug_str      0x0000000000000000    0xba513
 .debug_str     0x0000000000000000    0xb8eea Core/Src/gpio.o
                                      0xb91df (size before relaxing)
 .debug_str     0x00000000000b8eea      0x209 Core/Src/main.o
                                      0xb9398 (size before relaxing)
 .debug_str     0x00000000000b90f3       0x2c Core/Src/stm32f4xx_hal_msp.o
                                      0xb9124 (size before relaxing)
 .debug_str     0x00000000000b911f       0xc9 Core/Src/stm32f4xx_it.o
                                      0xb90be (size before relaxing)
 .debug_str     0x00000000000b91e8       0xc4 Core/Src/system_stm32f4xx.o
                                      0xb91ab (size before relaxing)
 .debug_str     0x00000000000b92ac      0xadc Drivers/STM32F4xx_HAL_Driver/Src/stm32f4xx_hal.o
                                      0xb9d15 (size before relaxing)
 .debug_str     0x00000000000b9d88      0x36b Drivers/STM32F4xx_HAL_Driver/Src/stm32f4xx_hal_cortex.o
                                      0xb9a57 (size before relaxing)
 .debug_str     0x00000000000ba0f3      0x1db Drivers/STM32F4xx_HAL_Driver/Src/stm32f4xx_hal_gpio.o
                                      0xb93ea (size before relaxing)
 .debug_str     0x00000000000ba2ce      0x216 Drivers/STM32F4xx_HAL_Driver/Src/stm32f4xx_hal_rcc.o
                                      0xb95b4 (size before relaxing)
 .debug_str     0x00000000000ba4e4       0x2f startup/startup_stm32f407xx.o
                                         0x61 (size before relaxing)

.comment        0x0000000000000000       0x7b
 .comment       0x0000000000000000       0x7b Core/Src/gpio.o
                                         0x7c (size before relaxing)
 .comment       0x000000000000007b       0x7c Core/Src/main.o
 .comment       0x000000000000007b       0x7c Core/Src/stm32f4xx_hal_msp.o
 .comment       0x000000000000007b       0x7c Core/Src/stm32f4xx_it.o
 .comment       0x000000000000007b       0x7c Core/Src/system_stm32f4xx.o
 .comment       0x000000000000007b       0x7c Drivers/STM32F4xx_HAL_Driver/Src/stm32f4xx_hal.o
 .comment       0x000000000000007b       0x7c Drivers/STM32F4xx_HAL_Driver/Src/stm32f4xx_hal_cortex.o
 .comment       0x000000000000007b       0x7c Drivers/STM32F4xx_HAL_Driver/Src/stm32f4xx_hal_gpio.o
 .comment       0x000000000000007b       0x7c Drivers/STM32F4xx_HAL_Driver/Src/stm32f4xx_hal_rcc.o

.debug_frame    0x0000000000000000      0x834
 .debug_frame   0x0000000000000000       0x34 Core/Src/gpio.o
 .debug_frame   0x0000000000000034       0xd0 Core/Src/main.o
 .debug_frame   0x0000000000000104       0x28 Core/Src/stm32f4xx_hal_msp.o
 .debug_frame   0x000000000000012c       0xa8 Core/Src/stm32f4xx_it.o
 .debug_frame   0x00000000000001d4       0x30 Core/Src/system_stm32f4xx.o
 .debug_frame   0x0000000000000204      0x1cc Drivers/STM32F4xx_HAL_Driver/Src/stm32f4xx_hal.o
 .debug_frame   0x00000000000003d0      0x15c Drivers/STM32F4xx_HAL_Driver/Src/stm32f4xx_hal_cortex.o
 .debug_frame   0x000000000000052c       0xd8 Drivers/STM32F4xx_HAL_Driver/Src/stm32f4xx_hal_gpio.o
 .debug_frame   0x0000000000000604      0x184 Drivers/STM32F4xx_HAL_Driver/Src/stm32f4xx_hal_rcc.o
 .debug_frame   0x0000000000000788       0x2c c:/st/stm32cubeide_1.2.0/stm32cubeide/plugins/com.st.stm32cube.ide.mcu.externaltools.gnu-tools-for-stm32.7-2018-q2-update.win32_1.0.0.201904181610/tools/bin/../lib/gcc/arm-none-eabi/7.3.1/../../../../arm-none-eabi/lib/thumb/v7e-m/fpv4-sp/hard\libc_nano.a(lib_a-init.o)
 .debug_frame   0x00000000000007b4       0x20 c:/st/stm32cubeide_1.2.0/stm32cubeide/plugins/com.st.stm32cube.ide.mcu.externaltools.gnu-tools-for-stm32.7-2018-q2-update.win32_1.0.0.201904181610/tools/bin/../lib/gcc/arm-none-eabi/7.3.1/../../../../arm-none-eabi/lib/thumb/v7e-m/fpv4-sp/hard\libc_nano.a(lib_a-memset.o)
 .debug_frame   0x00000000000007d4       0x2c c:/st/stm32cubeide_1.2.0/stm32cubeide/plugins/com.st.stm32cube.ide.mcu.externaltools.gnu-tools-for-stm32.7-2018-q2-update.win32_1.0.0.201904181610/tools/bin/../lib/gcc/arm-none-eabi/7.3.1/thumb/v7e-m/fpv4-sp/hard\libgcc.a(_aeabi_uldivmod.o)
 .debug_frame   0x0000000000000800       0x34 c:/st/stm32cubeide_1.2.0/stm32cubeide/plugins/com.st.stm32cube.ide.mcu.externaltools.gnu-tools-for-stm32.7-2018-q2-update.win32_1.0.0.201904181610/tools/bin/../lib/gcc/arm-none-eabi/7.3.1/thumb/v7e-m/fpv4-sp/hard\libgcc.a(_udivmoddi4.o)

.debug_loc      0x0000000000000000     0x10ee
 .debug_loc     0x0000000000000000       0x8b Core/Src/main.o
 .debug_loc     0x000000000000008b      0x13e Core/Src/system_stm32f4xx.o
 .debug_loc     0x00000000000001c9       0xfd Drivers/STM32F4xx_HAL_Driver/Src/stm32f4xx_hal.o
 .debug_loc     0x00000000000002c6      0x5ce Drivers/STM32F4xx_HAL_Driver/Src/stm32f4xx_hal_cortex.o
 .debug_loc     0x0000000000000894      0x469 Drivers/STM32F4xx_HAL_Driver/Src/stm32f4xx_hal_gpio.o
 .debug_loc     0x0000000000000cfd      0x3f1 Drivers/STM32F4xx_HAL_Driver/Src/stm32f4xx_hal_rcc.o
